> Task :app:preBuild UP-TO-DATE
> Task :app:preDebugBuild UP-TO-DATE
> Task :app:mergeDebugNativeDebugMetadata NO-SOURCE
> Task :app:checkKotlinGradlePluginConfigurationErrors SKIPPED
> Task :app:dataBindingMergeDependencyArtifactsDebug UP-TO-DATE
> Task :app:generateDebugResValues UP-TO-DATE
> Task :app:generateDebugResources UP-TO-DATE
> Task :app:processDebugGoogleServices UP-TO-DATE
> Task :app:mergeDebugResources UP-TO-DATE
> Task :app:packageDebugResources UP-TO-DATE
> Task :app:processDebugNavigationResources UP-TO-DATE
> Task :app:parseDebugLocalResources UP-TO-DATE
> Task :app:dataBindingGenBaseClassesDebug UP-TO-DATE
> Task :app:generateSafeArgsDebug UP-TO-DATE
> Task :app:checkDebugAarMetadata UP-TO-DATE
> Task :app:compileDebugNavigationResources UP-TO-DATE
> Task :app:mapDebugSourceSetPaths UP-TO-DATE
> Task :app:createDebugCompatibleScreenManifests UP-TO-DATE
> Task :app:extractDeepLinksDebug UP-TO-DATE
> Task :app:processDebugMainManifest
> Task :app:processDebugManifest
> Task :app:javaPreCompileDebug UP-TO-DATE
> Task :app:mergeDebugShaders UP-TO-DATE
> Task :app:compileDebugShaders NO-SOURCE
> Task :app:generateDebugAssets UP-TO-DATE
> Task :app:mergeDebugAssets UP-TO-DATE
> Task :app:compressDebugAssets UP-TO-DATE
> Task :app:desugarDebugFileDependencies UP-TO-DATE
> Task :app:checkDebugDuplicateClasses UP-TO-DATE
> Task :app:mergeExtDexDebug UP-TO-DATE
> Task :app:mergeLibDexDebug UP-TO-DATE
> Task :app:mergeDebugJniLibFolders UP-TO-DATE
> Task :app:mergeDebugNativeLibs UP-TO-DATE
> Task :app:stripDebugDebugSymbols UP-TO-DATE
> Task :app:validateSigningDebug UP-TO-DATE
> Task :app:writeDebugAppMetadata UP-TO-DATE
> Task :app:writeDebugSigningConfigVersions UP-TO-DATE
> Task :app:processDebugManifestForPackage
> Task :app:processDebugResources FAILED
.\gradlew.bat : 
At line:1 char:1
+ .\gradlew.bat assembleDebug > build_output.log 2>&1
+ ~~~~~~~~~~~~~~~~~~~~~~~~~~~~~~~~~~~~~~~~~~~~~~~~~~~
    + CategoryInfo          : NotSpecified: (:String) [], RemoteException
    + FullyQualifiedErrorId : NativeCommandError
 
FAILURE: Build failed with an exception.

* What went wrong:
Execution failed for task ':app:processDebugResources'.
> A failure occurred while executing com.android.build.gradle.internal.res.LinkApplicationAndroidResourcesTask$TaskAction
   > Android resource linking failed
     com.example.styleshare.app-mergeDebugResources-4:/layout/fragment_home.xml:128: error: resource drawable/ic_favorites (aka 
com.example.styleshare:drawable/ic_favorites) not found.
     com.example.styleshare.app-mergeDebugResources-4:/layout/fragment_login.xml:26: error: resource drawable/ic_favorites (aka 
com.example.styleshare:drawable/ic_favorites) not found.
     com.example.styleshare.app-mergeDebugResources-4:/layout/fragment_profile.xml:200: error: resource drawable/ic_favorites (aka 
com.example.styleshare:drawable/ic_favorites) not found.
     com.example.styleshare.app-mergeDebugResources-4:/layout/fragment_profile.xml:244: error: attribute civ_border_width (aka 
com.example.styleshare:civ_border_width) not found.
     com.example.styleshare.app-mergeDebugResources-4:/layout/fragment_profile.xml:244: error: attribute civ_border_color (aka 
com.example.styleshare:civ_border_color) not found.
     com.example.styleshare.app-mergeDebugResources-4:/layout/item_look.xml:50: error: resource drawable/ic_favorites (aka 
com.example.styleshare:drawable/ic_favorites) not found.
     com.example.styleshare.app-mergeDebugResources-4:/layout/item_look.xml:175: error: resource drawable/ic_favorites (aka 
com.example.styleshare:drawable/ic_favorites) not found.
     error: failed linking file resources.


* Try:
> Run with --stacktrace option to get the stack trace.
> Run with --info or --debug option to get more log output.
> Run with --scan to get full insights.
> Get more help at https://help.gradle.org.

BUILD FAILED in 16s
33 actionable tasks: 4 executed, 29 up-to-date
